FIRST LETTER


1 => 1
3 => Fizz
5 => Buzz
6 => Fizz
9 => Fizz
10 => Buzz
15 => FizzBuzz

